13:12:48 **** Build of configuration Debug for project spi_and_LVDS_tests ****
make all 
make --no-print-directory pre-build
a9-linaro-pre-build-step
 
make --no-print-directory main-build
Building file: ../src/helloworld.c
Invoking: ARM v7 gcc compiler
arm-none-eabi-gcc -Wall -O0 -g3 -c -fmessage-length=0 -MT"src/helloworld.o" -mcpu=cortex-a9 -mfpu=vfpv3 -mfloat-abi=hard -I/run/media/6TB/gitrepos/ESpecFirmware/Vitis/top_wrapper/export/top_wrapper/sw/top_wrapper/standalone_ps7_cortexa9_0/bspinclude/include -MMD -MP -MF"src/helloworld.d" -MT"src/helloworld.o" -o "src/helloworld.o" "../src/helloworld.c"
../src/helloworld.c: In function 'Spi':
../src/helloworld.c:94:6: warning: unused variable 'Status' [-Wunused-variable]
   94 |  int Status;
      |      ^~~~~~
../src/helloworld.c: In function 'Bit_Slip_Adjust':
../src/helloworld.c:204:5: warning: implicit declaration of function 'usleep' [-Wimplicit-function-declaration]
  204 |     usleep(100); //delay to ensure registers are set before read
      |     ^~~~~~
Finished building: ../src/helloworld.c
 
Building file: ../src/platform.c
Invoking: ARM v7 gcc compiler
arm-none-eabi-gcc -Wall -O0 -g3 -c -fmessage-length=0 -MT"src/platform.o" -mcpu=cortex-a9 -mfpu=vfpv3 -mfloat-abi=hard -I/run/media/6TB/gitrepos/ESpecFirmware/Vitis/top_wrapper/export/top_wrapper/sw/top_wrapper/standalone_ps7_cortexa9_0/bspinclude/include -MMD -MP -MF"src/platform.d" -MT"src/platform.o" -o "src/platform.o" "../src/platform.c"
Finished building: ../src/platform.c
 
Building target: spi_and_LVDS_tests.elf
Invoking: ARM v7 gcc linker
arm-none-eabi-gcc -mcpu=cortex-a9 -mfpu=vfpv3 -mfloat-abi=hard -Wl,-build-id=none -specs=Xilinx.spec -Wl,-T -Wl,../src/lscript.ld -L/run/media/6TB/gitrepos/ESpecFirmware/Vitis/top_wrapper/export/top_wrapper/sw/top_wrapper/standalone_ps7_cortexa9_0/bsplib/lib -o "spi_and_LVDS_tests.elf" ./src/helloworld.o ./src/platform.o   -Wl,--start-group,-lxil,-lgcc,-lc,--end-group
Finished building target: spi_and_LVDS_tests.elf
 
Invoking: ARM v7 Print Size
arm-none-eabi-size spi_and_LVDS_tests.elf  |tee "spi_and_LVDS_tests.elf.size"
   text	   data	    bss	    dec	    hex	filename
  29997	   1208	  22680	  53885	   d27d	spi_and_LVDS_tests.elf
Finished building: spi_and_LVDS_tests.elf.size
 

13:12:50 Build Finished (took 1s.668ms)

